
C:\Program Files (x86)\Microsoft Visual Studio 14.0>cd ..

C:\Program Files (x86)>cd ..

C:\>ls
$Recycle.Bin            Intel          Program Files           Set                        Utilities
Array                   List           Program Files (x86)     SingleList                 Vector
BOOTNXT                 MSOCache       ProgramData             Stack                      Windows
Config.Msi              Map            Queue                   String                     bootmgr
CoverSheet.docx         NativeArray    Recovery                System Volume Information  hiberfil.sys
Debug                   OOD_Project_1  STL-Containers.sdf      UnorderedMap               pagefile.sys
Deque                   OneDriveTemp   STL-Containers.sln      UnorderedSet               swapfile.sys
Documents and Settings  PerfLogs       STL-Containers.v12.suo  Users

C:\>cd Users

C:\Users>cd Siddharth Joseph

C:\Users\Siddharth Joseph>ls
AppData
Application Data
Contacts
Cookies
Debug
Desktop
Documents
Downloads
Favorites
Intel
IntelGraphicsProfiles
Links
Local Settings
Music
My Documents
NTUSER.DAT
NTUSER.DAT{2976ab8f-7ee4-11e5-80c5-a4badb2bd289}.TM.blf
NTUSER.DAT{2976ab8f-7ee4-11e5-80c5-a4badb2bd289}.TMContainer00000000000000000001.regtrans-ms
NTUSER.DAT{2976ab8f-7ee4-11e5-80c5-a4badb2bd289}.TMContainer00000000000000000002.regtrans-ms
NetHood
OneDrive
Pictures
PrintHood
Recent
Saved Games
Searches
SendTo
Start Menu
Templates
Tokenizer
Videos
ntuser.dat.LOG1
ntuser.dat.LOG2
ntuser.ini

C:\Users\Siddharth Joseph>cd Desktop

C:\Users\Siddharth Joseph\Desktop>ls
AsyncFunction            FiveQueens.hs       Project2Final      SiddharthJoseph_CaseStudy1.zip
Case_Study1              FiveQueens.txt      Project2Final.zip  Siddharth_Mark_Joseph-Project1.zip
CoverSheet.docx          Notifier            Project3           Spotify.lnk
Cpp11-BlockingQueue      PointersReferences  Project3.zip       StoppableThreadProcessing
Cpp11-BlockingQueue.sln  Project1            Project4           TypeTable
CppThreadTechniques.sdf  Project1Final       QueuedWorkItems    Utilities
CppThreadTechniques.sln  Project1_v2         ScreenShot.docx    desktop.ini

C:\Users\Siddharth Joseph\Desktop>cd Project3

C:\Users\Siddharth Joseph\Desktop\Project3>ls
Cpp11-BlockingQueue  Parser              Project3.sln     ScopeStack     TestFolder    TypeTable    run.bat
Debug                Project3.VC.opendb  QueuedWorkItems  SemiExp        Tokenizer     Utilities
FileMgr              Project3.sdf        ReadMe.txt       TestExecutive  TypeAnalysis  compile.bat

C:\Users\Siddharth Joseph\Desktop\Project3>compile.bat

C:\Users\Siddharth Joseph\Desktop\Project3>devenv Project3.sln /rebuild debug

Microsoft Visual Studio 2015 Version 14.0.24720.0.
Copyright (C) Microsoft Corp. All rights reserved.
1>------ Rebuild All started: Project: TypeAnalysis, Configuration: Debug Win32 ------
2>------ Rebuild All started: Project: QueuedWorkItems, Configuration: Debug Win32 ------
3>------ Rebuild All started: Project: Cpp11-BlockingQueue, Configuration: Debug Win32 ------
4>------ Rebuild All started: Project: FileMgr, Configuration: Debug Win32 ------
4>  FileSystem.cpp
1>  TypeAnalysis.cpp
2>  QueuedWorkItems.cpp
3>  Cpp11-BlockingQueue.cpp
2>  Utilities.cpp
3>  Cpp11-BlockingQueue.vcxproj -> C:\Users\Siddharth Joseph\Desktop\Project3\Debug\Cpp11-BlockingQueue.lib
4>  FileMgr.cpp
5>------ Rebuild All started: Project: Parser, Configuration: Debug Win32 ------
2>  Cpp11-BlockingQueue.cpp
1>  QueuedWorkItems.cpp
2>  Generating Code...
5>  Parser.cpp
4>  Generating Code...
2>Cpp11-BlockingQueue.obj : warning LNK4221: This object file does not define any previously undefined public symbols, so it will not be used by any link operation that consumes this library
2>  QueuedWorkItems.vcxproj -> C:\Users\Siddharth Joseph\Desktop\Project3\Debug\QueuedWorkItems.lib
1>  FileSystem.cpp
5>  ConfigureParser.cpp
6>------ Rebuild All started: Project: ScopeStack, Configuration: Debug Win32 ------
5>  ActionsAndRules.cpp
5>  Utilities.cpp
6>  ScopeStack.cpp
6>  ScopeStack.vcxproj -> C:\Users\Siddharth Joseph\Desktop\Project3\Debug\ScopeStack.lib
1>  FileMgr.cpp
5>  Tokenizer.cpp
7>------ Rebuild All started: Project: SemiExp, Configuration: Debug Win32 ------
7>  SemiExp.cpp
5>  SemiExp.cpp
1>  Generating Code...
7>  Utilities.cpp
1>QueuedWorkItems.obj : warning LNK4221: This object file does not define any previously undefined public symbols, so it will not be used by any link operation that consumes this library
1>FileMgr.obj : warning LNK4221: This object file does not define any previously undefined public symbols, so it will not be used by any link operation that consumes this library
1>  TypeAnalysis.vcxproj -> C:\Users\Siddharth Joseph\Desktop\Project3\Debug\TypeAnalysis.lib
5>  ScopeStack.cpp
5>  Generating Code...
7>  Tokenizer.cpp
4>FileMgr.obj : warning LNK4221: This object file does not define any previously undefined public symbols, so it will not be used by any link operation that consumes this library
4>  FileMgr.vcxproj -> C:\Users\Siddharth Joseph\Desktop\Project3\Debug\FileMgr.lib
8>------ Rebuild All started: Project: Tokenizer, Configuration: Debug Win32 ------
9>------ Rebuild All started: Project: TypeTable, Configuration: Debug Win32 ------
5>  Parser.vcxproj -> C:\Users\Siddharth Joseph\Desktop\Project3\Debug\Parser.lib
8>  Tokenizer.cpp
9>  TypeTable.cpp
7>  Generating Code...
7>  SemiExp.vcxproj -> C:\Users\Siddharth Joseph\Desktop\Project3\Debug\SemiExp.lib
10>------ Rebuild All started: Project: TestExecutive, Configuration: Debug Win32 ------
8>  Utilities.cpp
10>  TestExecutive.cpp
9>  TypeTable.vcxproj -> C:\Users\Siddharth Joseph\Desktop\Project3\Debug\TypeTable.lib
8>  Generating Code...
8>  Tokenizer.vcxproj -> C:\Users\Siddharth Joseph\Desktop\Project3\Debug\Tokenizer.lib
10>  FileSystem.cpp
10>  Generating Code...
10>  TestExecutive.vcxproj -> C:\Users\Siddharth Joseph\Desktop\Project3\Debug\TestExecutive.exe
10>  TestExecutive.vcxproj -> C:\Users\Siddharth Joseph\Desktop\Project3\Debug\TestExecutive.pdb (Partial PDB)
========== Rebuild All: 10 succeeded, 0 failed, 0 skipped ==========

C:\Users\Siddharth Joseph\Desktop\Project3>run.bat "..\\TestFoler"

C:\Users\Siddharth Joseph\Desktop\Project3>cd TestExecutive

C:\Users\Siddharth Joseph\Desktop\Project3\TestExecutive>"../Debug/TestExecutive.exe" "..\\TestFoler"
^CTerminate batch job (Y/N)? y

C:\Users\Siddharth Joseph\Desktop\Project3\TestExecutive>run.bat "..\\TestFoler"
'run.bat' is not recognized as an internal or external command,
operable program or batch file.

C:\Users\Siddharth Joseph\Desktop\Project3\TestExecutive>cd ..

C:\Users\Siddharth Joseph\Desktop\Project3>run.bat "..\\TestFoler"

C:\Users\Siddharth Joseph\Desktop\Project3>cd TestExecutive

C:\Users\Siddharth Joseph\Desktop\Project3\TestExecutive>"../Debug/TestExecutive.exe" "..\\TestFoler"
^CTerminate batch job (Y/N)? y

C:\Users\Siddharth Joseph\Desktop\Project3\TestExecutive>cd ..

C:\Users\Siddharth Joseph\Desktop\Project3>run.bat "..\\TestFoler"

C:\Users\Siddharth Joseph\Desktop\Project3>cd TestExecutive

C:\Users\Siddharth Joseph\Desktop\Project3\TestExecutive>"../Debug/TestExecutive.exe" "..\\TestFoler"
^CTerminate batch job (Y/N)? y

C:\Users\Siddharth Joseph\Desktop\Project3\TestExecutive>cd ..

C:\Users\Siddharth Joseph\Desktop\Project3>run.bat "..\\TestFolder"

C:\Users\Siddharth Joseph\Desktop\Project3>cd TestExecutive

C:\Users\Siddharth Joseph\Desktop\Project3\TestExecutive>"../Debug/TestExecutive.exe" "..\\TestFolder"



 PARALLE TYPE ANALYSIS RESULT (MERGED TYPE TABLE)
----------------------------------------------------------------------------
Test CLASS C:\Users\Siddharth Joseph\Desktop\Project3\TestFolder\Test.h
TestOther CLASS C:\Users\Siddharth Joseph\Desktop\Project3\TestFolder\TestOther.h
add MEMBER_FUNCTION C:\Users\Siddharth Joseph\Desktop\Project3\TestFolder\Test.cpp?C:\Users\Siddharth Joseph\Desktop\Project3\TestFolder\Test.h
gbfunction GLOBAL_FUNCTION C:\Users\Siddharth Joseph\Desktop\Project3\TestFolder\Test.h
subtract MEMBER_FUNCTION C:\Users\Siddharth Joseph\Desktop\Project3\TestFolder\Test.cpp?C:\Users\Siddharth Joseph\Desktop\Project3\TestFolder\Test.h
counter ALIAS C:\Users\Siddharth Joseph\Desktop\Project3\TestFolder\Test.h
Color ENUM C:\Users\Siddharth Joseph\Desktop\Project3\TestFolder\Test.h
INT TYPEDEF C:\Users\Siddharth Joseph\Desktop\Project3\TestFolder\Test.h
Sid STRUCT C:\Users\Siddharth Joseph\Desktop\Project3\TestFolder\Test.h



PARALLEL DEPENDENCY ANALYSIS RESULT
---------------------------------------------------------------------
C:\Users\Siddharth Joseph\Desktop\Project3\TestFolder\TestOther.h is dependent on C:\Users\Siddharth Joseph\Desktop\Project3\TestFolder\Test.h because of symbol Test of type CLASS

C:\Users\Siddharth Joseph\Desktop\Project3\TestFolder\Test.h is dependent onC:\Users\Siddharth Joseph\Desktop\Project3\TestFolder\Test.cpp because of symbol add of type MEMBER_FUNCTION

C:\Users\Siddharth Joseph\Desktop\Project3\TestFolder\Test.h is dependent onC:\Users\Siddharth Joseph\Desktop\Project3\TestFolder\Test.cpp because of symbol subtract of type MEMBER_FUNCTION

C:\Users\Siddharth Joseph\Desktop\Project3\TestFolder\Test.cpp is dependent on C:\Users\Siddharth Joseph\Desktop\Project3\TestFolder\Test.h because of symbol Test of type CLASS

C:\Users\Siddharth Joseph\Desktop\Project3\TestFolder\Test.cpp is dependent onC:\Users\Siddharth Joseph\Desktop\Project3\TestFolder\Test.h because of symbol add of type MEMBER_FUNCTION

C:\Users\Siddharth Joseph\Desktop\Project3\TestFolder\Test.cpp is dependent on C:\Users\Siddharth Joseph\Desktop\Project3\TestFolder\Test.h because of symbol counter of type ALIAS

C:\Users\Siddharth Joseph\Desktop\Project3\TestFolder\Test.cpp is dependent on C:\Users\Siddharth Joseph\Desktop\Project3\TestFolder\Test.h because of symbol Color of type ENUM

C:\Users\Siddharth Joseph\Desktop\Project3\TestFolder\Test.cpp is dependent on C:\Users\Siddharth Joseph\Desktop\Project3\TestFolder\Test.h because of symbol Sid of type STRUCT

C:\Users\Siddharth Joseph\Desktop\Project3\TestFolder\Test.cpp is dependent on C:\Users\Siddharth Joseph\Desktop\Project3\TestFolder\Test.h because of symbol Test of type CLASS

C:\Users\Siddharth Joseph\Desktop\Project3\TestFolder\Test.cpp is dependent onC:\Users\Siddharth Joseph\Desktop\Project3\TestFolder\Test.h because of symbol subtract of type MEMBER_FUNCTION

C:\Users\Siddharth Joseph\Desktop\Project3\TestFolder\Test.cpp is dependent on C:\Users\Siddharth Joseph\Desktop\Project3\TestFolder\Test.h because of symbol Test of type CLASS

C:\Users\Siddharth Joseph\Desktop\Project3\TestFolder\Test.cpp is dependent on C:\Users\Siddharth Joseph\Desktop\Project3\TestFolder\Test.h because of symbol gbfunction of type GLOBAL_FUNCTION

Press any key to continue


C:\Users\Siddharth Joseph\Desktop\Project3\TestExecutive>cd ..

C:\Users\Siddharth Joseph\Desktop\Project3>compile.bat

C:\Users\Siddharth Joseph\Desktop\Project3>devenv Project3.sln /rebuild debug

Microsoft Visual Studio 2015 Version 14.0.24720.0.
Copyright (C) Microsoft Corp. All rights reserved.
1>------ Rebuild All started: Project: TypeAnalysis, Configuration: Debug Win32 ------
2>------ Rebuild All started: Project: QueuedWorkItems, Configuration: Debug Win32 ------
3>------ Rebuild All started: Project: Cpp11-BlockingQueue, Configuration: Debug Win32 ------
4>------ Rebuild All started: Project: FileMgr, Configuration: Debug Win32 ------
4>  FileSystem.cpp
3>  Cpp11-BlockingQueue.cpp
1>  TypeAnalysis.cpp
2>  QueuedWorkItems.cpp
3>  Cpp11-BlockingQueue.vcxproj -> C:\Users\Siddharth Joseph\Desktop\Project3\Debug\Cpp11-BlockingQueue.lib
2>  Utilities.cpp
4>  FileMgr.cpp
2>  Cpp11-BlockingQueue.cpp
1>  QueuedWorkItems.cpp
5>------ Rebuild All started: Project: Parser, Configuration: Debug Win32 ------
2>  Generating Code...
4>  Generating Code...
2>Cpp11-BlockingQueue.obj : warning LNK4221: This object file does not define any previously undefined public symbols, so it will not be used by any link operation that consumes this library
2>  QueuedWorkItems.vcxproj -> C:\Users\Siddharth Joseph\Desktop\Project3\Debug\QueuedWorkItems.lib
4>FileMgr.obj : warning LNK4221: This object file does not define any previously undefined public symbols, so it will not be used by any link operation that consumes this library
4>  FileMgr.vcxproj -> C:\Users\Siddharth Joseph\Desktop\Project3\Debug\FileMgr.lib
6>------ Rebuild All started: Project: ScopeStack, Configuration: Debug Win32 ------
6>  ScopeStack.cpp
6>  ScopeStack.vcxproj -> C:\Users\Siddharth Joseph\Desktop\Project3\Debug\ScopeStack.lib
7>------ Rebuild All started: Project: SemiExp, Configuration: Debug Win32 ------
7>  SemiExp.cpp
8>------ Rebuild All started: Project: Tokenizer, Configuration: Debug Win32 ------
8>  Tokenizer.cpp
7>  Utilities.cpp
8>  Utilities.cpp
7>  Tokenizer.cpp
8>  Generating Code...
8>  Tokenizer.vcxproj -> C:\Users\Siddharth Joseph\Desktop\Project3\Debug\Tokenizer.lib
7>  Generating Code...
1>  FileSystem.cpp
5>  Parser.cpp
5>  ConfigureParser.cpp
1>  FileMgr.cpp
5>  ActionsAndRules.cpp
1>  Generating Code...
5>  Utilities.cpp
5>  Tokenizer.cpp
5>  SemiExp.cpp
7>  SemiExp.vcxproj -> C:\Users\Siddharth Joseph\Desktop\Project3\Debug\SemiExp.lib
9>------ Rebuild All started: Project: TypeTable, Configuration: Debug Win32 ------
9>  TypeTable.cpp
5>  ScopeStack.cpp
5>  Generating Code...
10>------ Rebuild All started: Project: TestExecutive, Configuration: Debug Win32 ------
10>  TestExecutive.cpp
1>QueuedWorkItems.obj : warning LNK4221: This object file does not define any previously undefined public symbols, so it will not be used by any link operation that consumes this library
1>FileMgr.obj : warning LNK4221: This object file does not define any previously undefined public symbols, so it will not be used by any link operation that consumes this library
1>  TypeAnalysis.vcxproj -> C:\Users\Siddharth Joseph\Desktop\Project3\Debug\TypeAnalysis.lib
5>  Parser.vcxproj -> C:\Users\Siddharth Joseph\Desktop\Project3\Debug\Parser.lib
9>  TypeTable.vcxproj -> C:\Users\Siddharth Joseph\Desktop\Project3\Debug\TypeTable.lib
10>  FileSystem.cpp
10>  Generating Code...
10>  TestExecutive.vcxproj -> C:\Users\Siddharth Joseph\Desktop\Project3\Debug\TestExecutive.exe
10>  TestExecutive.vcxproj -> C:\Users\Siddharth Joseph\Desktop\Project3\Debug\TestExecutive.pdb (Partial PDB)
========== Rebuild All: 10 succeeded, 0 failed, 0 skipped ==========

C:\Users\Siddharth Joseph\Desktop\Project3>run.bat "..\\TA_Test_Files"

C:\Users\Siddharth Joseph\Desktop\Project3>cd TestExecutive

C:\Users\Siddharth Joseph\Desktop\Project3\TestExecutive>"../Debug/TestExecutive.exe" "..\\TA_Test_Files"






index out of rangeindex out of range


index out of rangeindex out of range


 PARALLE TYPE ANALYSIS RESULT (MERGED TYPE TABLE)
----------------------------------------------------------------------------
push MEMBER_FUNCTION C:\Users\Siddharth Joseph\Desktop\Project3\TA_Test_Files\Parent.h
inlineMethod GLOBAL_FUNCTION C:\Users\Siddharth Joseph\Desktop\Project3\TA_Test_Files\Child.h
Child CLASS C:\Users\Siddharth Joseph\Desktop\Project3\TA_Test_Files\Child2.h?C:\Users\Siddharth Joseph\Desktop\Project3\TA_Test_Files\Child.h
str TYPEDEF C:\Users\Siddharth Joseph\Desktop\Project3\TA_Test_Files\Grandparent.h
pop MEMBER_FUNCTION C:\Users\Siddharth Joseph\Desktop\Project3\TA_Test_Files\Parent.h
namespace ALIAS C:\Users\Siddharth Joseph\Desktop\Project3\TA_Test_Files\Child.cpp?C:\Users\Siddharth Joseph\Desktop\Project3\TA_Test_Files\Grandparent.h
main GLOBAL_FUNCTION C:\Users\Siddharth Joseph\Desktop\Project3\TA_Test_Files\Parent.cpp?C:\Users\Siddharth Joseph\Desktop\Project3\TA_Test_Files\Test.cpp
method1 MEMBER_FUNCTION C:\Users\Siddharth Joseph\Desktop\Project3\TA_Test_Files\Child.cpp?C:\Users\Siddharth Joseph\Desktop\Project3\TA_Test_Files\Child.h
method3 MEMBER_FUNCTION C:\Users\Siddharth Joseph\Desktop\Project3\TA_Test_Files\Child.cpp?C:\Users\Siddharth Joseph\Desktop\Project3\TA_Test_Files\Child.h
GPmethod3 MEMBER_FUNCTION C:\Users\Siddharth Joseph\Desktop\Project3\TA_Test_Files\Test.cpp?C:\Users\Siddharth Joseph\Desktop\Project3\TA_Test_Files\Grandparent.h
method4 MEMBER_FUNCTION C:\Users\Siddharth Joseph\Desktop\Project3\TA_Test_Files\Child.cpp?C:\Users\Siddharth Joseph\Desktop\Project3\TA_Test_Files\Child.h
globalFunction2 GLOBAL_FUNCTION C:\Users\Siddharth Joseph\Desktop\Project3\TA_Test_Files\Grandparent.h
GrandParent GLOBAL_FUNCTION C:\Users\Siddharth Joseph\Desktop\Project3\TA_Test_Files\Grandparent.h
GPmethod2 MEMBER_FUNCTION C:\Users\Siddharth Joseph\Desktop\Project3\TA_Test_Files\Grandparent.h
element STRUCT C:\Users\Siddharth Joseph\Desktop\Project3\TA_Test_Files\Child.h
Numbers ENUM C:\Users\Siddharth Joseph\Desktop\Project3\TA_Test_Files\Child.h
method2 GLOBAL_FUNCTION C:\Users\Siddharth Joseph\Desktop\Project3\TA_Test_Files\Child.h
globalFunction GLOBAL_FUNCTION C:\Users\Siddharth Joseph\Desktop\Project3\TA_Test_Files\Child.h
globalFunction1 GLOBAL_FUNCTION C:\Users\Siddharth Joseph\Desktop\Project3\TA_Test_Files\Child.h








PARALLEL DEPENDENCY ANALYSIS RESULT
---------------------------------------------------------------------
C:\Users\Siddharth Joseph\Desktop\Project3\TA_Test_Files\Child2.h is dependent onC:\Users\Siddharth Joseph\Desktop\Project3\TA_Test_Files\Child.h because of symbol Child of type CLASS

C:\Users\Siddharth Joseph\Desktop\Project3\TA_Test_Files\Grandparent.h is dependent onC:\Users\Siddharth Joseph\Desktop\Project3\TA_Test_Files\Child.cpp because of symbol namespace of type ALIAS

C:\Users\Siddharth Joseph\Desktop\Project3\TA_Test_Files\Grandparent.h is dependent onC:\Users\Siddharth Joseph\Desktop\Project3\TA_Test_Files\Test.cpp because of symbol GPmethod3 of type MEMBER_FUNCTION

C:\Users\Siddharth Joseph\Desktop\Project3\TA_Test_Files\Grandparent.h is dependent on C:\Users\Siddharth Joseph\Desktop\Project3\TA_Test_Files\Child.h because of symbol method2 of type GLOBAL_FUNCTION

C:\Users\Siddharth Joseph\Desktop\Project3\TA_Test_Files\Child.cpp is dependent onC:\Users\Siddharth Joseph\Desktop\Project3\TA_Test_Files\Grandparent.h because of symbol namespace of type ALIAS

C:\Users\Siddharth Joseph\Desktop\Project3\TA_Test_Files\Child.cpp is dependent onC:\Users\Siddharth Joseph\Desktop\Project3\TA_Test_Files\Child.h because of symbol method1 of type MEMBER_FUNCTION

C:\Users\Siddharth Joseph\Desktop\Project3\TA_Test_Files\Child.cpp is dependent onC:\Users\Siddharth Joseph\Desktop\Project3\TA_Test_Files\Child.h because of symbol method3 of type MEMBER_FUNCTION

C:\Users\Siddharth Joseph\Desktop\Project3\TA_Test_Files\Child.cpp is dependent onC:\Users\Siddharth Joseph\Desktop\Project3\TA_Test_Files\Child.h because of symbol method4 of type MEMBER_FUNCTION

C:\Users\Siddharth Joseph\Desktop\Project3\TA_Test_Files\Parent.cpp is dependent onC:\Users\Siddharth Joseph\Desktop\Project3\TA_Test_Files\Test.cpp because of symbol main of type GLOBAL_FUNCTION

C:\Users\Siddharth Joseph\Desktop\Project3\TA_Test_Files\Parent.cpp is dependent on C:\Users\Siddharth Joseph\Desktop\Project3\TA_Test_Files\Child.h because of symbol globalFunction1 of type GLOBAL_FUNCTION

C:\Users\Siddharth Joseph\Desktop\Project3\TA_Test_Files\Test.cpp is dependent on C:\Users\Siddharth Joseph\Desktop\Project3\TA_Test_Files\Grandparent.h because of symbol GrandParent of type GLOBAL_FUNCTION

C:\Users\Siddharth Joseph\Desktop\Project3\TA_Test_Files\Test.cpp is dependent onC:\Users\Siddharth Joseph\Desktop\Project3\TA_Test_Files\Grandparent.h because of symbol GPmethod3 of type MEMBER_FUNCTION

C:\Users\Siddharth Joseph\Desktop\Project3\TA_Test_Files\Test.cpp is dependent onC:\Users\Siddharth Joseph\Desktop\Project3\TA_Test_Files\Parent.cpp because of symbol main of type GLOBAL_FUNCTION

C:\Users\Siddharth Joseph\Desktop\Project3\TA_Test_Files\Test.cpp is dependent on C:\Users\Siddharth Joseph\Desktop\Project3\TA_Test_Files\Grandparent.h because of symbol str of type TYPEDEF

C:\Users\Siddharth Joseph\Desktop\Project3\TA_Test_Files\Test.cpp is dependent on C:\Users\Siddharth Joseph\Desktop\Project3\TA_Test_Files\Grandparent.h because of symbol str of type TYPEDEF

C:\Users\Siddharth Joseph\Desktop\Project3\TA_Test_Files\Test.cpp is dependent on C:\Users\Siddharth Joseph\Desktop\Project3\TA_Test_Files\Parent.h because of symbol push of type MEMBER_FUNCTION

C:\Users\Siddharth Joseph\Desktop\Project3\TA_Test_Files\Test.cpp is dependent on C:\Users\Siddharth Joseph\Desktop\Project3\TA_Test_Files\Parent.h because of symbol pop of type MEMBER_FUNCTION

C:\Users\Siddharth Joseph\Desktop\Project3\TA_Test_Files\Child.h is dependent onC:\Users\Siddharth Joseph\Desktop\Project3\TA_Test_Files\Child2.h because of symbol Child of type CLASS

C:\Users\Siddharth Joseph\Desktop\Project3\TA_Test_Files\Child.h is dependent onC:\Users\Siddharth Joseph\Desktop\Project3\TA_Test_Files\Child2.h because of symbol Child of type CLASS

C:\Users\Siddharth Joseph\Desktop\Project3\TA_Test_Files\Child.h is dependent onC:\Users\Siddharth Joseph\Desktop\Project3\TA_Test_Files\Child2.h because of symbol Child of type CLASS

C:\Users\Siddharth Joseph\Desktop\Project3\TA_Test_Files\Child.h is dependent onC:\Users\Siddharth Joseph\Desktop\Project3\TA_Test_Files\Child.cpp because of symbol method1 of type MEMBER_FUNCTION

C:\Users\Siddharth Joseph\Desktop\Project3\TA_Test_Files\Child.h is dependent onC:\Users\Siddharth Joseph\Desktop\Project3\TA_Test_Files\Child.cpp because of symbol method3 of type MEMBER_FUNCTION

C:\Users\Siddharth Joseph\Desktop\Project3\TA_Test_Files\Child.h is dependent onC:\Users\Siddharth Joseph\Desktop\Project3\TA_Test_Files\Child.cpp because of symbol method4 of type MEMBER_FUNCTION

Press any key to continue
